Category: 📺央视频道, Name: CCTV-1, Total: 146, Valid: 45, Valid Percent: 30.82%, Whitelist: 0, IPv4: 2, IPv6: 144, Min Delay: 0.1 ms, Max Speed: 7.35 M/s, Avg Speed: 0.18 M/s, Max Resolution: 1920x1080
Category: 📺央视频道, Name: CCTV-2, Total: 164, Valid: 71, Valid Percent: 43.29%, Whitelist: 0, IPv4: 3, IPv6: 161, Min Delay: 0.1 ms, Max Speed: 4.68 M/s, Avg Speed: 0.12 M/s, Max Resolution: 1920x1080
Category: 📺央视频道, Name: CCTV-3, Total: 147, Valid: 56, Valid Percent: 38.10%, Whitelist: 0, IPv4: 2, IPv6: 145, Min Delay: 0.1 ms, Max Speed: 5.24 M/s, Avg Speed: 0.10 M/s, Max Resolution: 1920x1080
Category: 📺央视频道, Name: CCTV-4, Total: 291, Valid: 60, Valid Percent: 20.62%, Whitelist: 0, IPv4: 1, IPv6: 290, Min Delay: 0.1 ms, Max Speed: 4.67 M/s, Avg Speed: 0.08 M/s, Max Resolution: 1920x1080
Category: 📺央视频道, Name: CCTV-5, Total: 233, Valid: 39, Valid Percent: 16.74%, Whitelist: 0, IPv4: 4, IPv6: 229, Min Delay: 0.1 ms, Max Speed: 4.28 M/s, Avg Speed: 0.22 M/s, Max Resolution: 1920x1080
Category: 📺央视频道, Name: CCTV-5+, Total: 64, Valid: 42, Valid Percent: 65.62%, Whitelist: 0, IPv4: 1, IPv6: 63, Min Delay: 0.1 ms, Max Speed: 19.17 M/s, Avg Speed: 0.46 M/s, Max Resolution: 1920x1080
Category: 📺央视频道, Name: CCTV-6, Total: 136, Valid: 36, Valid Percent: 26.47%, Whitelist: 0, IPv4: 1, IPv6: 135, Min Delay: 0.1 ms, Max Speed: 10.28 M/s, Avg Speed: 0.29 M/s, Max Resolution: 1920x1080
Category: 📺央视频道, Name: CCTV-7, Total: 153, Valid: 63, Valid Percent: 41.18%, Whitelist: 0, IPv4: 3, IPv6: 150, Min Delay: 0.1 ms, Max Speed: 8.47 M/s, Avg Speed: 0.15 M/s, Max Resolution: 1920x1080
Category: 📺央视频道, Name: CCTV-8, Total: 141, Valid: 48, Valid Percent: 34.04%, Whitelist: 0, IPv4: 1, IPv6: 140, Min Delay: 0.1 ms, Max Speed: 8.56 M/s, Avg Speed: 0.18 M/s, Max Resolution: 1920x1080
Category: 📺央视频道, Name: CCTV-9, Total: 155, Valid: 60, Valid Percent: 38.71%, Whitelist: 0, IPv4: 2, IPv6: 153, Min Delay: 0.1 ms, Max Speed: 6.35 M/s, Avg Speed: 0.11 M/s, Max Resolution: 1920x1080
Category: 📺央视频道, Name: CCTV-10, Total: 153, Valid: 59, Valid Percent: 38.56%, Whitelist: 0, IPv4: 2, IPv6: 151, Min Delay: 0.1 ms, Max Speed: 0.81 M/s, Avg Speed: 0.02 M/s, Max Resolution: 1920x1080
Category: 📺央视频道, Name: CCTV-11, Total: 161, Valid: 67, Valid Percent: 41.61%, Whitelist: 0, IPv4: 1, IPv6: 160, Min Delay: 0.1 ms, Max Speed: 5.37 M/s, Avg Speed: 0.08 M/s, Max Resolution: 1920x1080
Category: 📺央视频道, Name: CCTV-12, Total: 159, Valid: 66, Valid Percent: 41.51%, Whitelist: 0, IPv4: 2, IPv6: 157, Min Delay: 0.1 ms, Max Speed: 8.36 M/s, Avg Speed: 0.13 M/s, Max Resolution: 1920x1080
Category: 📺央视频道, Name: CCTV-13, Total: 145, Valid: 43, Valid Percent: 29.66%, Whitelist: 0, IPv4: 2, IPv6: 143, Min Delay: 0.1 ms, Max Speed: 6.44 M/s, Avg Speed: 0.24 M/s, Max Resolution: 1920x1080
Category: 📺央视频道, Name: CCTV-14, Total: 139, Valid: 39, Valid Percent: 28.06%, Whitelist: 0, IPv4: 2, IPv6: 137, Min Delay: 0.1 ms, Max Speed: 23.10 M/s, Avg Speed: 0.59 M/s, Max Resolution: 1920x1080
Category: 📺央视频道, Name: CCTV-15, Total: 154, Valid: 64, Valid Percent: 41.56%, Whitelist: 0, IPv4: 1, IPv6: 153, Min Delay: 0.1 ms, Max Speed: 5.47 M/s, Avg Speed: 0.09 M/s, Max Resolution: 1920x1080
Category: 📺央视频道, Name: CCTV-16, Total: 47, Valid: 24, Valid Percent: 51.06%, Whitelist: 0, IPv4: 1, IPv6: 46, Min Delay: 0.1 ms, Max Speed: 0.96 M/s, Avg Speed: 0.04 M/s, Max Resolution: 1920x1080
Category: 📺央视频道, Name: CCTV-17, Total: 142, Valid: 45, Valid Percent: 31.69%, Whitelist: 0, IPv4: 2, IPv6: 140, Min Delay: 0.1 ms, Max Speed: 5.39 M/s, Avg Speed: 0.12 M/s, Max Resolution: 1920x1080
Category: 📺央视频道, Name: CETV-1, Total: 116, Valid: 2, Valid Percent: 1.72%, Whitelist: 0, IPv4: 2, IPv6: 114, Min Delay: 52 ms, Max Speed: 18.64 M/s, Avg Speed: 9.35 M/s, Max Resolution: 1920x1080
Category: 📺央视频道, Name: CETV-2, Total: 103, Valid: 1, Valid Percent: 0.97%, Whitelist: 0, IPv4: 1, IPv6: 102, Min Delay: 55 ms, Max Speed: 18.27 M/s, Avg Speed: 18.27 M/s, Max Resolution: 1920x1080
Category: 📺央视频道, Name: CETV-3, Total: 6, Valid: 0, Valid Percent: 0.00%, Whitelist: 0, IPv4: 0, IPv6: 6, Min Delay: -1 ms, Max Speed: 0.00 M/s, Avg Speed: 0.00 M/s, Max Resolution: None
Category: 📺央视频道, Name: CETV-4, Total: 108, Valid: 1, Valid Percent: 0.93%, Whitelist: 0, IPv4: 1, IPv6: 107, Min Delay: 54 ms, Max Speed: 19.36 M/s, Avg Speed: 19.36 M/s, Max Resolution: 1920x1080
Category: 💰央视付费频道, Name: 文化精品, Total: 3, Valid: 1, Valid Percent: 33.33%, Whitelist: 0, IPv4: 1, IPv6: 2, Min Delay: 260 ms, Max Speed: 0.35 M/s, Avg Speed: 0.35 M/s, Max Resolution: 1920x1080
Category: 💰央视付费频道, Name: 央视台球, Total: 5, Valid: 2, Valid Percent: 40.00%, Whitelist: 0, IPv4: 1, IPv6: 4, Min Delay: 0.1 ms, Max Speed: 6.19 M/s, Avg Speed: 3.09 M/s, Max Resolution: 1920x1080
Category: 💰央视付费频道, Name: 风云音乐, Total: 2, Valid: 0, Valid Percent: 0.00%, Whitelist: 0, IPv4: 0, IPv6: 2, Min Delay: -1 ms, Max Speed: 0.00 M/s, Avg Speed: 0.00 M/s, Max Resolution: None
Category: 💰央视付费频道, Name: 第一剧场, Total: 6, Valid: 0, Valid Percent: 0.00%, Whitelist: 0, IPv4: 0, IPv6: 6, Min Delay: -1 ms, Max Speed: 0.00 M/s, Avg Speed: 0.00 M/s, Max Resolution: None
Category: 💰央视付费频道, Name: 风云剧场, Total: 4, Valid: 1, Valid Percent: 25.00%, Whitelist: 0, IPv4: 1, IPv6: 3, Min Delay: 1282 ms, Max Speed: 1.67 M/s, Avg Speed: 1.67 M/s, Max Resolution: 1920x1080
Category: 💰央视付费频道, Name: 怀旧剧场, Total: 5, Valid: 1, Valid Percent: 20.00%, Whitelist: 0, IPv4: 1, IPv6: 4, Min Delay: 3627 ms, Max Speed: 1.27 M/s, Avg Speed: 1.27 M/s, Max Resolution: 1920x1080
Category: 💰央视付费频道, Name: 女性时尚, Total: 2, Valid: 0, Valid Percent: 0.00%, Whitelist: 0, IPv4: 0, IPv6: 2, Min Delay: -1 ms, Max Speed: 0.00 M/s, Avg Speed: 0.00 M/s, Max Resolution: None
Category: 💰央视付费频道, Name: 高尔夫网球, Total: 3, Valid: 1, Valid Percent: 33.33%, Whitelist: 0, IPv4: 1, IPv6: 2, Min Delay: 921 ms, Max Speed: 4.72 M/s, Avg Speed: 4.72 M/s, Max Resolution: 1920x1080
Category: 💰央视付费频道, Name: 风云足球, Total: 6, Valid: 4, Valid Percent: 66.67%, Whitelist: 0, IPv4: 0, IPv6: 6, Min Delay: 0.1 ms, Max Speed: 0.00 M/s, Avg Speed: 0.00 M/s, Max Resolution: 1920x1080
Category: 💰央视付费频道, Name: 电视指南, Total: 3, Valid: 1, Valid Percent: 33.33%, Whitelist: 0, IPv4: 1, IPv6: 2, Min Delay: 814 ms, Max Speed: 5.18 M/s, Avg Speed: 5.18 M/s, Max Resolution: 1920x1080
Category: 💰央视付费频道, Name: 世界地理, Total: 3, Valid: 2, Valid Percent: 66.67%, Whitelist: 0, IPv4: 1, IPv6: 2, Min Delay: 0.1 ms, Max Speed: 7.12 M/s, Avg Speed: 3.56 M/s, Max Resolution: 1920x1080
Category: 💰央视付费频道, Name: 兵器科技, Total: 4, Valid: 2, Valid Percent: 50.00%, Whitelist: 0, IPv4: 2, IPv6: 2, Min Delay: 417 ms, Max Speed: 3.15 M/s, Avg Speed: 1.64 M/s, Max Resolution: 1920x1080
Category: ☘️北京频道, Name: 北京卡酷少儿, Total: 81, Valid: 0, Valid Percent: 0.00%, Whitelist: 0, IPv4: 0, IPv6: 81, Min Delay: -1 ms, Max Speed: 0.00 M/s, Avg Speed: 0.00 M/s, Max Resolution: None
Category: ☘️北京频道, Name: 北京新闻, Total: 81, Valid: 10, Valid Percent: 12.35%, Whitelist: 0, IPv4: 1, IPv6: 80, Min Delay: 0.1 ms, Max Speed: 2.01 M/s, Avg Speed: 0.20 M/s, Max Resolution: 1920x1080
Category: ☘️北京频道, Name: 北京生活, Total: 74, Valid: 3, Valid Percent: 4.05%, Whitelist: 0, IPv4: 0, IPv6: 74, Min Delay: 0.1 ms, Max Speed: 0.00 M/s, Avg Speed: 0.00 M/s, Max Resolution: 1920x1080
Category: ☘️北京频道, Name: 北京科教, Total: 1, Valid: 1, Valid Percent: 100.00%, Whitelist: 0, IPv4: 1, IPv6: 0, Min Delay: 31 ms, Max Speed: 3.97 M/s, Avg Speed: 3.97 M/s, Max Resolution: 19x24
Category: ☘️北京频道, Name: 北京财经, Total: 74, Valid: 3, Valid Percent: 4.05%, Whitelist: 0, IPv4: 0, IPv6: 74, Min Delay: 0.1 ms, Max Speed: 0.00 M/s, Avg Speed: 0.00 M/s, Max Resolution: 1920x1080
Category: ☘️北京频道, Name: 北京青年, Total: 1, Valid: 1, Valid Percent: 100.00%, Whitelist: 0, IPv4: 1, IPv6: 0, Min Delay: 16 ms, Max Speed: 6.61 M/s, Avg Speed: 6.61 M/s, Max Resolution: 19x24
Category: 📡卫视频道, Name: 广东卫视, Total: 157, Valid: 60, Valid Percent: 38.22%, Whitelist: 0, IPv4: 2, IPv6: 155, Min Delay: 0.1 ms, Max Speed: 6.33 M/s, Avg Speed: 0.11 M/s, Max Resolution: 1920x1080
Category: 📡卫视频道, Name: 香港卫视, Total: 13, Valid: 5, Valid Percent: 38.46%, Whitelist: 0, IPv4: 0, IPv6: 13, Min Delay: 0.1 ms, Max Speed: 0.00 M/s, Avg Speed: 0.00 M/s, Max Resolution: 1920x1080
Category: 📡卫视频道, Name: 浙江卫视, Total: 234, Valid: 71, Valid Percent: 30.34%, Whitelist: 0, IPv4: 3, IPv6: 231, Min Delay: 0.1 ms, Max Speed: 5.42 M/s, Avg Speed: 0.13 M/s, Max Resolution: 1920x1080
Category: 📡卫视频道, Name: 湖南卫视, Total: 181, Valid: 62, Valid Percent: 34.25%, Whitelist: 0, IPv4: 6, IPv6: 175, Min Delay: 0.1 ms, Max Speed: 17.45 M/s, Avg Speed: 0.51 M/s, Max Resolution: 3840x2160
Category: 📡卫视频道, Name: 北京卫视, Total: 165, Valid: 56, Valid Percent: 33.94%, Whitelist: 0, IPv4: 4, IPv6: 161, Min Delay: 0.1 ms, Max Speed: 19.76 M/s, Avg Speed: 0.56 M/s, Max Resolution: 1920x1080
Category: 📡卫视频道, Name: 湖北卫视, Total: 171, Valid: 72, Valid Percent: 42.11%, Whitelist: 0, IPv4: 2, IPv6: 169, Min Delay: 0.1 ms, Max Speed: 4.35 M/s, Avg Speed: 0.07 M/s, Max Resolution: 1920x1080
Category: 📡卫视频道, Name: 黑龙江卫视, Total: 82, Valid: 58, Valid Percent: 70.73%, Whitelist: 0, IPv4: 0, IPv6: 82, Min Delay: 0.1 ms, Max Speed: 0.00 M/s, Avg Speed: 0.00 M/s, Max Resolution: 1920x1080
Category: 📡卫视频道, Name: 安徽卫视, Total: 83, Valid: 61, Valid Percent: 73.49%, Whitelist: 0, IPv4: 3, IPv6: 80, Min Delay: 0.1 ms, Max Speed: 16.85 M/s, Avg Speed: 0.35 M/s, Max Resolution: 1920x1080
Category: 📡卫视频道, Name: 重庆卫视, Total: 83, Valid: 57, Valid Percent: 68.67%, Whitelist: 0, IPv4: 2, IPv6: 81, Min Delay: 0.1 ms, Max Speed: 2.98 M/s, Avg Speed: 0.07 M/s, Max Resolution: 1920x1080
Category: 📡卫视频道, Name: 东方卫视, Total: 172, Valid: 63, Valid Percent: 36.63%, Whitelist: 0, IPv4: 4, IPv6: 168, Min Delay: 0.1 ms, Max Speed: 6.44 M/s, Avg Speed: 0.19 M/s, Max Resolution: 1920x1080
Category: 📡卫视频道, Name: 东南卫视, Total: 73, Valid: 42, Valid Percent: 57.53%, Whitelist: 0, IPv4: 2, IPv6: 71, Min Delay: 0.1 ms, Max Speed: 2.71 M/s, Avg Speed: 0.06 M/s, Max Resolution: 1920x1080
Category: 📡卫视频道, Name: 甘肃卫视, Total: 45, Valid: 25, Valid Percent: 55.56%, Whitelist: 0, IPv4: 1, IPv6: 44, Min Delay: 0.1 ms, Max Speed: 5.93 M/s, Avg Speed: 0.24 M/s, Max Resolution: 1920x1080
Category: 📡卫视频道, Name: 广西卫视, Total: 54, Valid: 37, Valid Percent: 68.52%, Whitelist: 0, IPv4: 3, IPv6: 51, Min Delay: 0.1 ms, Max Speed: 0.69 M/s, Avg Speed: 0.04 M/s, Max Resolution: 1920x1080
Category: 📡卫视频道, Name: 贵州卫视, Total: 58, Valid: 36, Valid Percent: 62.07%, Whitelist: 0, IPv4: 2, IPv6: 56, Min Delay: 0.1 ms, Max Speed: 16.91 M/s, Avg Speed: 0.49 M/s, Max Resolution: 1920x1080
Category: 📡卫视频道, Name: 海南卫视, Total: 206, Valid: 37, Valid Percent: 17.96%, Whitelist: 0, IPv4: 0, IPv6: 206, Min Delay: 0.1 ms, Max Speed: 0.00 M/s, Avg Speed: 0.00 M/s, Max Resolution: 1920x1080
Category: 📡卫视频道, Name: 河北卫视, Total: 65, Valid: 42, Valid Percent: 64.62%, Whitelist: 0, IPv4: 1, IPv6: 64, Min Delay: 0.1 ms, Max Speed: 0.51 M/s, Avg Speed: 0.01 M/s, Max Resolution: 1920x1080
Category: 📡卫视频道, Name: 河南卫视, Total: 151, Valid: 50, Valid Percent: 33.11%, Whitelist: 0, IPv4: 1, IPv6: 150, Min Delay: 0.1 ms, Max Speed: 3.66 M/s, Avg Speed: 0.07 M/s, Max Resolution: 1920x1080
Category: 📡卫视频道, Name: 吉林卫视, Total: 154, Valid: 55, Valid Percent: 35.71%, Whitelist: 0, IPv4: 2, IPv6: 152, Min Delay: 0.1 ms, Max Speed: 7.47 M/s, Avg Speed: 0.14 M/s, Max Resolution: 1920x1080
Category: 📡卫视频道, Name: 江苏卫视, Total: 165, Valid: 64, Valid Percent: 38.79%, Whitelist: 0, IPv4: 1, IPv6: 164, Min Delay: 0.1 ms, Max Speed: 6.26 M/s, Avg Speed: 0.10 M/s, Max Resolution: 1920x1080
Category: 📡卫视频道, Name: 江西卫视, Total: 166, Valid: 65, Valid Percent: 39.16%, Whitelist: 0, IPv4: 1, IPv6: 165, Min Delay: 0.1 ms, Max Speed: 0.95 M/s, Avg Speed: 0.01 M/s, Max Resolution: 1920x1080
Category: 📡卫视频道, Name: 辽宁卫视, Total: 147, Valid: 39, Valid Percent: 26.53%, Whitelist: 0, IPv4: 1, IPv6: 146, Min Delay: 0.1 ms, Max Speed: 0.00 M/s, Avg Speed: 0.00 M/s, Max Resolution: 1920x1080
Category: 📡卫视频道, Name: 内蒙古卫视, Total: 112, Valid: 22, Valid Percent: 19.64%, Whitelist: 0, IPv4: 1, IPv6: 111, Min Delay: 0.1 ms, Max Speed: 1.41 M/s, Avg Speed: 0.06 M/s, Max Resolution: 1920x1080
Category: 📡卫视频道, Name: 宁夏卫视, Total: 64, Valid: 20, Valid Percent: 31.25%, Whitelist: 0, IPv4: 0, IPv6: 64, Min Delay: 0.1 ms, Max Speed: 0.00 M/s, Avg Speed: 0.00 M/s, Max Resolution: 1920x1080
Category: 📡卫视频道, Name: 青海卫视, Total: 149, Valid: 27, Valid Percent: 18.12%, Whitelist: 0, IPv4: 1, IPv6: 148, Min Delay: 0.1 ms, Max Speed: 0.75 M/s, Avg Speed: 0.03 M/s, Max Resolution: 1920x1080
Category: 📡卫视频道, Name: 山东卫视, Total: 65, Valid: 41, Valid Percent: 63.08%, Whitelist: 0, IPv4: 0, IPv6: 65, Min Delay: 0.1 ms, Max Speed: 0.00 M/s, Avg Speed: 0.00 M/s, Max Resolution: 1920x1080
Category: 📡卫视频道, Name: 山西卫视, Total: 30, Valid: 12, Valid Percent: 40.00%, Whitelist: 0, IPv4: 1, IPv6: 29, Min Delay: 0.1 ms, Max Speed: 0.00 M/s, Avg Speed: 0.00 M/s, Max Resolution: 1920x1080
Category: 📡卫视频道, Name: 陕西卫视, Total: 119, Valid: 23, Valid Percent: 19.33%, Whitelist: 0, IPv4: 1, IPv6: 118, Min Delay: 0.1 ms, Max Speed: 0.53 M/s, Avg Speed: 0.02 M/s, Max Resolution: 1920x1080
Category: 📡卫视频道, Name: 四川卫视, Total: 58, Valid: 34, Valid Percent: 58.62%, Whitelist: 0, IPv4: 4, IPv6: 54, Min Delay: 0.1 ms, Max Speed: 17.10 M/s, Avg Speed: 0.60 M/s, Max Resolution: 3840x2160
Category: 📡卫视频道, Name: 深圳卫视, Total: 61, Valid: 36, Valid Percent: 59.02%, Whitelist: 0, IPv4: 3, IPv6: 58, Min Delay: 0.1 ms, Max Speed: 18.49 M/s, Avg Speed: 0.75 M/s, Max Resolution: 1920x1080
Category: 📡卫视频道, Name: 三沙卫视, Total: 98, Valid: 12, Valid Percent: 12.24%, Whitelist: 0, IPv4: 1, IPv6: 97, Min Delay: 0.1 ms, Max Speed: 2.06 M/s, Avg Speed: 0.17 M/s, Max Resolution: 1920x1080
Category: 📡卫视频道, Name: 天津卫视, Total: 63, Valid: 42, Valid Percent: 66.67%, Whitelist: 0, IPv4: 2, IPv6: 61, Min Delay: 0.1 ms, Max Speed: 2.11 M/s, Avg Speed: 0.09 M/s, Max Resolution: 1920x1080
Category: 📡卫视频道, Name: 西藏卫视, Total: 37, Valid: 21, Valid Percent: 56.76%, Whitelist: 0, IPv4: 0, IPv6: 37, Min Delay: 0.1 ms, Max Speed: 0.00 M/s, Avg Speed: 0.00 M/s, Max Resolution: 1920x1080
Category: 📡卫视频道, Name: 新疆卫视, Total: 39, Valid: 21, Valid Percent: 53.85%, Whitelist: 0, IPv4: 0, IPv6: 39, Min Delay: 0.1 ms, Max Speed: 0.00 M/s, Avg Speed: 0.00 M/s, Max Resolution: 1920x1080
Category: 📡卫视频道, Name: 云南卫视, Total: 45, Valid: 26, Valid Percent: 57.78%, Whitelist: 0, IPv4: 2, IPv6: 43, Min Delay: 0.1 ms, Max Speed: 6.27 M/s, Avg Speed: 0.27 M/s, Max Resolution: 1920x1080
Category: 🌊港·澳·台, Name: 翡翠台, Total: 278, Valid: 20, Valid Percent: 7.19%, Whitelist: 0, IPv4: 3, IPv6: 275, Min Delay: 0.1 ms, Max Speed: 28.23 M/s, Avg Speed: 2.80 M/s, Max Resolution: 1920x1080
Category: 🌊港·澳·台, Name: 明珠台, Total: 142, Valid: 0, Valid Percent: 0.00%, Whitelist: 0, IPv4: 0, IPv6: 142, Min Delay: -1 ms, Max Speed: 0.00 M/s, Avg Speed: 0.00 M/s, Max Resolution: None
Category: 🌊港·澳·台, Name: 凤凰中文, Total: 193, Valid: 22, Valid Percent: 11.40%, Whitelist: 0, IPv4: 3, IPv6: 190, Min Delay: 0.1 ms, Max Speed: 83.83 M/s, Avg Speed: 4.78 M/s, Max Resolution: 1920x1080
Category: 🌊港·澳·台, Name: 凤凰资讯, Total: 206, Valid: 36, Valid Percent: 17.48%, Whitelist: 0, IPv4: 1, IPv6: 205, Min Delay: 0.1 ms, Max Speed: 0.28 M/s, Avg Speed: 0.01 M/s, Max Resolution: 1920x1080
Category: 🌊港·澳·台, Name: 凤凰香港, Total: 174, Valid: 16, Valid Percent: 9.20%, Whitelist: 0, IPv4: 1, IPv6: 173, Min Delay: 0.1 ms, Max Speed: 27.00 M/s, Avg Speed: 1.69 M/s, Max Resolution: 1920x1080
Category: 🌊港·澳·台, Name: 凤凰卫视, Total: 7, Valid: 4, Valid Percent: 57.14%, Whitelist: 0, IPv4: 0, IPv6: 7, Min Delay: 0.1 ms, Max Speed: 0.00 M/s, Avg Speed: 0.00 M/s, Max Resolution: 1920x1080
Category: 🌊港·澳·台, Name: TVBS亚洲, Total: 2, Valid: 1, Valid Percent: 50.00%, Whitelist: 0, IPv4: 0, IPv6: 2, Min Delay: 0.1 ms, Max Speed: 0.00 M/s, Avg Speed: 0.00 M/s, Max Resolution: 1920x1080
Category: 🌊港·澳·台, Name: 香港卫视, Total: 13, Valid: 5, Valid Percent: 38.46%, Whitelist: 0, IPv4: 0, IPv6: 13, Min Delay: 0.1 ms, Max Speed: 0.00 M/s, Avg Speed: 0.00 M/s, Max Resolution: 1920x1080
Category: 🌊港·澳·台, Name: 纬来体育, Total: 12, Valid: 9, Valid Percent: 75.00%, Whitelist: 0, IPv4: 4, IPv6: 8, Min Delay: 0.1 ms, Max Speed: 30.64 M/s, Avg Speed: 12.28 M/s, Max Resolution: 1920x1080
Category: 🌊港·澳·台, Name: 纬来育乐, Total: 45, Valid: 1, Valid Percent: 2.22%, Whitelist: 0, IPv4: 1, IPv6: 44, Min Delay: 13 ms, Max Speed: 23.91 M/s, Avg Speed: 23.91 M/s, Max Resolution: 1920x1080
Category: 🌊港·澳·台, Name: J2, Total: 2, Valid: 1, Valid Percent: 50.00%, Whitelist: 0, IPv4: 0, IPv6: 2, Min Delay: 0.1 ms, Max Speed: 0.00 M/s, Avg Speed: 0.00 M/s, Max Resolution: 1920x1080
Category: 🌊港·澳·台, Name: Viutv, Total: 2, Valid: 2, Valid Percent: 100.00%, Whitelist: 0, IPv4: 1, IPv6: 1, Min Delay: 0.1 ms, Max Speed: 25.25 M/s, Avg Speed: 12.62 M/s, Max Resolution: 1920x1080
Category: 🌊港·澳·台, Name: 三立台湾, Total: 2, Valid: 2, Valid Percent: 100.00%, Whitelist: 0, IPv4: 1, IPv6: 1, Min Delay: 0.1 ms, Max Speed: 27.00 M/s, Avg Speed: 13.50 M/s, Max Resolution: 1920x1080
Category: 🌊港·澳·台, Name: 无线新闻, Total: 5, Valid: 5, Valid Percent: 100.00%, Whitelist: 0, IPv4: 0, IPv6: 5, Min Delay: 0.1 ms, Max Speed: 0.00 M/s, Avg Speed: 0.00 M/s, Max Resolution: 1920x1080
Category: 🌊港·澳·台, Name: 三立新闻, Total: 10, Valid: 6, Valid Percent: 60.00%, Whitelist: 0, IPv4: 1, IPv6: 9, Min Delay: 0.1 ms, Max Speed: 29.63 M/s, Avg Speed: 4.94 M/s, Max Resolution: 1920x1080
Category: 🌊港·澳·台, Name: 东森综合, Total: 5, Valid: 4, Valid Percent: 80.00%, Whitelist: 0, IPv4: 3, IPv6: 2, Min Delay: 0.1 ms, Max Speed: 28.79 M/s, Avg Speed: 20.39 M/s, Max Resolution: 1920x1080
Category: 🌊港·澳·台, Name: 东森超视, Total: 13, Valid: 8, Valid Percent: 61.54%, Whitelist: 0, IPv4: 3, IPv6: 10, Min Delay: 0.1 ms, Max Speed: 31.46 M/s, Avg Speed: 10.96 M/s, Max Resolution: 1920x1080
Category: 🌊港·澳·台, Name: 东森电影, Total: 7, Valid: 5, Valid Percent: 71.43%, Whitelist: 0, IPv4: 1, IPv6: 6, Min Delay: 0.1 ms, Max Speed: 31.28 M/s, Avg Speed: 6.26 M/s, Max Resolution: 1920x1080
Category: 🌊港·澳·台, Name: Now剧集, Total: 1, Valid: 0, Valid Percent: 0.00%, Whitelist: 0, IPv4: 0, IPv6: 1, Min Delay: -1 ms, Max Speed: 0.00 M/s, Avg Speed: 0.00 M/s, Max Resolution: None
Category: 🌊港·澳·台, Name: Now华剧, Total: 1, Valid: 1, Valid Percent: 100.00%, Whitelist: 0, IPv4: 1, IPv6: 0, Min Delay: 217 ms, Max Speed: 5.33 M/s, Avg Speed: 5.33 M/s, Max Resolution: 864x720
Category: 🌊港·澳·台, Name: 靖天资讯, Total: 27, Valid: 1, Valid Percent: 3.70%, Whitelist: 0, IPv4: 1, IPv6: 26, Min Delay: 12 ms, Max Speed: 26.32 M/s, Avg Speed: 26.32 M/s, Max Resolution: 1920x1080
Category: 🎬电影频道, Name: CHC家庭影院, Total: 66, Valid: 9, Valid Percent: 13.64%, Whitelist: 0, IPv4: 0, IPv6: 66, Min Delay: 0.1 ms, Max Speed: 0.00 M/s, Avg Speed: 0.00 M/s, Max Resolution: 1920x1080
Category: 🎬电影频道, Name: CHC动作电影, Total: 69, Valid: 17, Valid Percent: 24.64%, Whitelist: 0, IPv4: 0, IPv6: 69, Min Delay: 0.1 ms, Max Speed: 0.00 M/s, Avg Speed: 0.00 M/s, Max Resolution: 1920x1080
Category: 🎬电影频道, Name: CHC高清电影, Total: 6, Valid: 3, Valid Percent: 50.00%, Whitelist: 0, IPv4: 6, IPv6: 0, Min Delay: 10005 ms, Max Speed: 0.18 M/s, Avg Speed: 0.08 M/s, Max Resolution: 1920x1080
Category: 🎬电影频道, Name: 淘剧场, Total: 5, Valid: 2, Valid Percent: 40.00%, Whitelist: 0, IPv4: 0, IPv6: 5, Min Delay: 0.1 ms, Max Speed: 0.00 M/s, Avg Speed: 0.00 M/s, Max Resolution: 1920x1080
Category: 🎬电影频道, Name: 淘娱乐, Total: 5, Valid: 2, Valid Percent: 40.00%, Whitelist: 0, IPv4: 0, IPv6: 5, Min Delay: 0.1 ms, Max Speed: 0.00 M/s, Avg Speed: 0.00 M/s, Max Resolution: 1920x1080
Category: 🎬电影频道, Name: 淘电影, Total: 17, Valid: 17, Valid Percent: 100.00%, Whitelist: 0, IPv4: 0, IPv6: 17, Min Delay: 0.1 ms, Max Speed: 0.00 M/s, Avg Speed: 0.00 M/s, Max Resolution: 1920x1080
Category: 🎬电影频道, Name: NewTV惊悚悬疑, Total: 9, Valid: 1, Valid Percent: 11.11%, Whitelist: 0, IPv4: 0, IPv6: 9, Min Delay: 0.1 ms, Max Speed: 0.00 M/s, Avg Speed: 0.00 M/s, Max Resolution: 1920x1080
Category: 🎬电影频道, Name: NewTV动作电影, Total: 3, Valid: 1, Valid Percent: 33.33%, Whitelist: 0, IPv4: 0, IPv6: 3, Min Delay: 0.1 ms, Max Speed: 0.00 M/s, Avg Speed: 0.00 M/s, Max Resolution: 1920x1080
Category: 🎬电影频道, Name: 黑莓电影, Total: 13, Valid: 9, Valid Percent: 69.23%, Whitelist: 0, IPv4: 0, IPv6: 13, Min Delay: 0.1 ms, Max Speed: 0.00 M/s, Avg Speed: 0.00 M/s, Max Resolution: 1920x1080
Category: 🎬电影频道, Name: 纬来电影, Total: 53, Valid: 0, Valid Percent: 0.00%, Whitelist: 0, IPv4: 0, IPv6: 53, Min Delay: -1 ms, Max Speed: 0.00 M/s, Avg Speed: 0.00 M/s, Max Resolution: None
Category: 🎬电影频道, Name: 靖天映画, Total: 8, Valid: 1, Valid Percent: 12.50%, Whitelist: 0, IPv4: 1, IPv6: 7, Min Delay: 9 ms, Max Speed: 32.78 M/s, Avg Speed: 32.78 M/s, Max Resolution: 1920x1080
Category: 🎬电影频道, Name: 靖天戏剧, Total: 25, Valid: 2, Valid Percent: 8.00%, Whitelist: 0, IPv4: 1, IPv6: 24, Min Delay: 0.1 ms, Max Speed: 30.89 M/s, Avg Speed: 15.45 M/s, Max Resolution: 1920x1080
Category: 🎬电影频道, Name: 经典电影, Total: 10, Valid: 7, Valid Percent: 70.00%, Whitelist: 0, IPv4: 1, IPv6: 9, Min Delay: 0.1 ms, Max Speed: 27.84 M/s, Avg Speed: 3.98 M/s, Max Resolution: 1920x1080
Category: 🎬电影频道, Name: IPTV经典电影, Total: 1, Valid: 1, Valid Percent: 100.00%, Whitelist: 0, IPv4: 1, IPv6: 0, Min Delay: 42 ms, Max Speed: 11.31 M/s, Avg Speed: 11.31 M/s, Max Resolution: 1920x1080
Category: 🎬电影频道, Name: 天映经典, Total: 57, Valid: 1, Valid Percent: 1.75%, Whitelist: 0, IPv4: 1, IPv6: 56, Min Delay: 11 ms, Max Speed: 28.87 M/s, Avg Speed: 28.87 M/s, Max Resolution: 1920x1080
Category: 🎬电影频道, Name: 无线星河, Total: 8, Valid: 1, Valid Percent: 12.50%, Whitelist: 0, IPv4: 0, IPv6: 8, Min Delay: 0.1 ms, Max Speed: 0.00 M/s, Avg Speed: 0.00 M/s, Max Resolution: 1920x1080
Category: 🎬电影频道, Name: 星空卫视, Total: 7, Valid: 2, Valid Percent: 28.57%, Whitelist: 0, IPv4: 1, IPv6: 6, Min Delay: 0.1 ms, Max Speed: 35.67 M/s, Avg Speed: 17.83 M/s, Max Resolution: 1920x1080
Category: 🎬电影频道, Name: 东森电影, Total: 6, Valid: 4, Valid Percent: 66.67%, Whitelist: 0, IPv4: 0, IPv6: 6, Min Delay: 0.1 ms, Max Speed: 0.00 M/s, Avg Speed: 0.00 M/s, Max Resolution: 1920x1080
Category: 🎬电影频道, Name: 龙祥电影, Total: 2, Valid: 0, Valid Percent: 0.00%, Whitelist: 0, IPv4: 0, IPv6: 2, Min Delay: -1 ms, Max Speed: 0.00 M/s, Avg Speed: 0.00 M/s, Max Resolution: None
Category: 🎬电影频道, Name: 东森洋片, Total: 48, Valid: 1, Valid Percent: 2.08%, Whitelist: 0, IPv4: 1, IPv6: 47, Min Delay: 11 ms, Max Speed: 27.15 M/s, Avg Speed: 27.15 M/s, Max Resolution: 1920x1080
Category: 🎬电影频道, Name: 东森超视, Total: 10, Valid: 5, Valid Percent: 50.00%, Whitelist: 0, IPv4: 0, IPv6: 10, Min Delay: 0.1 ms, Max Speed: 0.00 M/s, Avg Speed: 0.00 M/s, Max Resolution: 1920x1080
